// Jest Snapshot v1, https://goo.gl/fbAQLP

exports[`should render ExpenseList with expenses 1`] = `
<div>
  <ExpenseListItem
    amount={287}
    createdAt={0}
    description="Gum"
    id={0}
    key="0"
    note=""
  />
  <ExpenseListItem
    amount={1087}
    createdAt={-345600000}
    description="Rendt"
    id={1}
    key="1"
    note=""
  />
  <ExpenseListItem
    amount={5087}
    createdAt={345600000}
    description="Credit Cart"
    id={2}
    key="2"
    note=""
  />
</div>
`;

exports[`should render ExpenseList with no expneses 1`] = `
<div>
  <p>
    No Expenses
  </p>
</div>
`;
